// Jest Snapshot v1, https://goo.gl/fbAQLP

exports[`DefaultAside.vue renders correctly 1`] = `
<div>
  Aside
</div>
`;
